[
  {
    "location": {
      "filePath": "imap_fun_named_arg.bal",
      "startLine": 18,
      "endLine": 18,
      "startColumn": 0,
      "endColumn": 6,
      "startOffset": 686,
      "length": 6
    },
    "rule": {
      "id": "ballerina:3",
      "numericId": 3,
      "description": "Non isolated public function",
      "ruleKind": "CODE_SMELL"
    },
    "source": "BUILT_IN",
    "fileName": "Test/imap_fun_named_arg.bal",
    "filePath": "/home/nureka/Documents/GitHub/module-ballerina-email/compiler-plugin-tests/src/test/resources/static_code_analyzer/ballerina_packages/rule1/imap_fun_named_arg.bal"
  },
  {
    "location": {
      "filePath": "imap_fun_pos_arg.bal",
      "startLine": 18,
      "endLine": 18,
      "startColumn": 0,
      "endColumn": 6,
      "startOffset": 686,
      "length": 6
    },
    "rule": {
      "id": "ballerina:3",
      "numericId": 3,
      "description": "Non isolated public function",
      "ruleKind": "CODE_SMELL"
    },
    "source": "BUILT_IN",
    "fileName": "Test/imap_fun_pos_arg.bal",
    "filePath": "/home/nureka/Documents/GitHub/module-ballerina-email/compiler-plugin-tests/src/test/resources/static_code_analyzer/ballerina_packages/rule1/imap_fun_pos_arg.bal"
  },
  {
    "location": {
      "filePath": "imap_inline_named_arg.bal",
      "startLine": 18,
      "endLine": 18,
      "startColumn": 0,
      "endColumn": 6,
      "startOffset": 686,
      "length": 6
    },
    "rule": {
      "id": "ballerina:3",
      "numericId": 3,
      "description": "Non isolated public function",
      "ruleKind": "CODE_SMELL"
    },
    "source": "BUILT_IN",
    "fileName": "Test/imap_inline_named_arg.bal",
    "filePath": "/home/nureka/Documents/GitHub/module-ballerina-email/compiler-plugin-tests/src/test/resources/static_code_analyzer/ballerina_packages/rule1/imap_inline_named_arg.bal"
  },
  {
    "location": {
      "filePath": "imap_inline_pos_arg.bal",
      "startLine": 18,
      "endLine": 18,
      "startColumn": 0,
      "endColumn": 6,
      "startOffset": 686,
      "length": 6
    },
    "rule": {
      "id": "ballerina:3",
      "numericId": 3,
      "description": "Non isolated public function",
      "ruleKind": "CODE_SMELL"
    },
    "source": "BUILT_IN",
    "fileName": "Test/imap_inline_pos_arg.bal",
    "filePath": "/home/nureka/Documents/GitHub/module-ballerina-email/compiler-plugin-tests/src/test/resources/static_code_analyzer/ballerina_packages/rule1/imap_inline_pos_arg.bal"
  },
  {
    "location": {
      "filePath": "imap_mod_named_arg.bal",
      "startLine": 31,
      "endLine": 31,
      "startColumn": 0,
      "endColumn": 6,
      "startOffset": 1018,
      "length": 6
    },
    "rule": {
      "id": "ballerina:3",
      "numericId": 3,
      "description": "Non isolated public function",
      "ruleKind": "CODE_SMELL"
    },
    "source": "BUILT_IN",
    "fileName": "Test/imap_mod_named_arg.bal",
    "filePath": "/home/nureka/Documents/GitHub/module-ballerina-email/compiler-plugin-tests/src/test/resources/static_code_analyzer/ballerina_packages/rule1/imap_mod_named_arg.bal"
  },
  {
    "location": {
      "filePath": "imap_mod_pos_arg.bal",
      "startLine": 31,
      "endLine": 31,
      "startColumn": 0,
      "endColumn": 6,
      "startOffset": 1016,
      "length": 6
    },
    "rule": {
      "id": "ballerina:3",
      "numericId": 3,
      "description": "Non isolated public function",
      "ruleKind": "CODE_SMELL"
    },
    "source": "BUILT_IN",
    "fileName": "Test/imap_mod_pos_arg.bal",
    "filePath": "/home/nureka/Documents/GitHub/module-ballerina-email/compiler-plugin-tests/src/test/resources/static_code_analyzer/ballerina_packages/rule1/imap_mod_pos_arg.bal"
  },
  {
    "location": {
      "filePath": "pop_fun_named_arg.bal",
      "startLine": 18,
      "endLine": 18,
      "startColumn": 0,
      "endColumn": 6,
      "startOffset": 686,
      "length": 6
    },
    "rule": {
      "id": "ballerina:3",
      "numericId": 3,
      "description": "Non isolated public function",
      "ruleKind": "CODE_SMELL"
    },
    "source": "BUILT_IN",
    "fileName": "Test/pop_fun_named_arg.bal",
    "filePath": "/home/nureka/Documents/GitHub/module-ballerina-email/compiler-plugin-tests/src/test/resources/static_code_analyzer/ballerina_packages/rule1/pop_fun_named_arg.bal"
  },
  {
    "location": {
      "filePath": "pop_fun_pos_arg.bal",
      "startLine": 18,
      "endLine": 18,
      "startColumn": 0,
      "endColumn": 6,
      "startOffset": 686,
      "length": 6
    },
    "rule": {
      "id": "ballerina:3",
      "numericId": 3,
      "description": "Non isolated public function",
      "ruleKind": "CODE_SMELL"
    },
    "source": "BUILT_IN",
    "fileName": "Test/pop_fun_pos_arg.bal",
    "filePath": "/home/nureka/Documents/GitHub/module-ballerina-email/compiler-plugin-tests/src/test/resources/static_code_analyzer/ballerina_packages/rule1/pop_fun_pos_arg.bal"
  },
  {
    "location": {
      "filePath": "pop_inline_named_arg.bal",
      "startLine": 18,
      "endLine": 18,
      "startColumn": 0,
      "endColumn": 6,
      "startOffset": 686,
      "length": 6
    },
    "rule": {
      "id": "ballerina:3",
      "numericId": 3,
      "description": "Non isolated public function",
      "ruleKind": "CODE_SMELL"
    },
    "source": "BUILT_IN",
    "fileName": "Test/pop_inline_named_arg.bal",
    "filePath": "/home/nureka/Documents/GitHub/module-ballerina-email/compiler-plugin-tests/src/test/resources/static_code_analyzer/ballerina_packages/rule1/pop_inline_named_arg.bal"
  },
  {
    "location": {
      "filePath": "pop_inline_pos_arg.bal",
      "startLine": 18,
      "endLine": 18,
      "startColumn": 0,
      "endColumn": 6,
      "startOffset": 686,
      "length": 6
    },
    "rule": {
      "id": "ballerina:3",
      "numericId": 3,
      "description": "Non isolated public function",
      "ruleKind": "CODE_SMELL"
    },
    "source": "BUILT_IN",
    "fileName": "Test/pop_inline_pos_arg.bal",
    "filePath": "/home/nureka/Documents/GitHub/module-ballerina-email/compiler-plugin-tests/src/test/resources/static_code_analyzer/ballerina_packages/rule1/pop_inline_pos_arg.bal"
  },
  {
    "location": {
      "filePath": "pop_mod_named_arg.bal",
      "startLine": 31,
      "endLine": 31,
      "startColumn": 0,
      "endColumn": 6,
      "startOffset": 1016,
      "length": 6
    },
    "rule": {
      "id": "ballerina:3",
      "numericId": 3,
      "description": "Non isolated public function",
      "ruleKind": "CODE_SMELL"
    },
    "source": "BUILT_IN",
    "fileName": "Test/pop_mod_named_arg.bal",
    "filePath": "/home/nureka/Documents/GitHub/module-ballerina-email/compiler-plugin-tests/src/test/resources/static_code_analyzer/ballerina_packages/rule1/pop_mod_named_arg.bal"
  },
  {
    "location": {
      "filePath": "pop_mod_pos_arg.bal",
      "startLine": 31,
      "endLine": 31,
      "startColumn": 0,
      "endColumn": 6,
      "startOffset": 1014,
      "length": 6
    },
    "rule": {
      "id": "ballerina:3",
      "numericId": 3,
      "description": "Non isolated public function",
      "ruleKind": "CODE_SMELL"
    },
    "source": "BUILT_IN",
    "fileName": "Test/pop_mod_pos_arg.bal",
    "filePath": "/home/nureka/Documents/GitHub/module-ballerina-email/compiler-plugin-tests/src/test/resources/static_code_analyzer/ballerina_packages/rule1/pop_mod_pos_arg.bal"
  },
  {
    "location": {
      "filePath": "smtp_fun_named_arg.bal",
      "startLine": 18,
      "endLine": 18,
      "startColumn": 0,
      "endColumn": 6,
      "startOffset": 686,
      "length": 6
    },
    "rule": {
      "id": "ballerina:3",
      "numericId": 3,
      "description": "Non isolated public function",
      "ruleKind": "CODE_SMELL"
    },
    "source": "BUILT_IN",
    "fileName": "Test/smtp_fun_named_arg.bal",
    "filePath": "/home/nureka/Documents/GitHub/module-ballerina-email/compiler-plugin-tests/src/test/resources/static_code_analyzer/ballerina_packages/rule1/smtp_fun_named_arg.bal"
  },
  {
    "location": {
      "filePath": "smtp_fun_pos_arg.bal",
      "startLine": 18,
      "endLine": 18,
      "startColumn": 0,
      "endColumn": 6,
      "startOffset": 686,
      "length": 6
    },
    "rule": {
      "id": "ballerina:3",
      "numericId": 3,
      "description": "Non isolated public function",
      "ruleKind": "CODE_SMELL"
    },
    "source": "BUILT_IN",
    "fileName": "Test/smtp_fun_pos_arg.bal",
    "filePath": "/home/nureka/Documents/GitHub/module-ballerina-email/compiler-plugin-tests/src/test/resources/static_code_analyzer/ballerina_packages/rule1/smtp_fun_pos_arg.bal"
  },
  {
    "location": {
      "filePath": "smtp_inline_named_arg.bal",
      "startLine": 18,
      "endLine": 18,
      "startColumn": 0,
      "endColumn": 6,
      "startOffset": 686,
      "length": 6
    },
    "rule": {
      "id": "ballerina:3",
      "numericId": 3,
      "description": "Non isolated public function",
      "ruleKind": "CODE_SMELL"
    },
    "source": "BUILT_IN",
    "fileName": "Test/smtp_inline_named_arg.bal",
    "filePath": "/home/nureka/Documents/GitHub/module-ballerina-email/compiler-plugin-tests/src/test/resources/static_code_analyzer/ballerina_packages/rule1/smtp_inline_named_arg.bal"
  },
  {
    "location": {
      "filePath": "smtp_inline_pos_arg.bal",
      "startLine": 18,
      "endLine": 18,
      "startColumn": 0,
      "endColumn": 6,
      "startOffset": 686,
      "length": 6
    },
    "rule": {
      "id": "ballerina:3",
      "numericId": 3,
      "description": "Non isolated public function",
      "ruleKind": "CODE_SMELL"
    },
    "source": "BUILT_IN",
    "fileName": "Test/smtp_inline_pos_arg.bal",
    "filePath": "/home/nureka/Documents/GitHub/module-ballerina-email/compiler-plugin-tests/src/test/resources/static_code_analyzer/ballerina_packages/rule1/smtp_inline_pos_arg.bal"
  },
  {
    "location": {
      "filePath": "smtp_mod_named_arg.bal",
      "startLine": 31,
      "endLine": 31,
      "startColumn": 0,
      "endColumn": 6,
      "startOffset": 1018,
      "length": 6
    },
    "rule": {
      "id": "ballerina:3",
      "numericId": 3,
      "description": "Non isolated public function",
      "ruleKind": "CODE_SMELL"
    },
    "source": "BUILT_IN",
    "fileName": "Test/smtp_mod_named_arg.bal",
    "filePath": "/home/nureka/Documents/GitHub/module-ballerina-email/compiler-plugin-tests/src/test/resources/static_code_analyzer/ballerina_packages/rule1/smtp_mod_named_arg.bal"
  },
  {
    "location": {
      "filePath": "smtp_mod_pos_arg.bal",
      "startLine": 31,
      "endLine": 31,
      "startColumn": 0,
      "endColumn": 6,
      "startOffset": 1016,
      "length": 6
    },
    "rule": {
      "id": "ballerina:3",
      "numericId": 3,
      "description": "Non isolated public function",
      "ruleKind": "CODE_SMELL"
    },
    "source": "BUILT_IN",
    "fileName": "Test/smtp_mod_pos_arg.bal",
    "filePath": "/home/nureka/Documents/GitHub/module-ballerina-email/compiler-plugin-tests/src/test/resources/static_code_analyzer/ballerina_packages/rule1/smtp_mod_pos_arg.bal"
  },
  {
    "location": {
      "filePath": "imap_fun_named_arg.bal",
      "startLine": 18,
      "endLine": 33,
      "startColumn": 40,
      "endColumn": 1,
      "startOffset": 726,
      "length": 493
    },
    "rule": {
      "id": "ballerina/email:1",
      "numericId": 1,
      "description": "Avoid unverified server hostnames during SSL/TLS connections",
      "ruleKind": "VULNERABILITY"
    },
    "source": "BUILT_IN",
    "fileName": "Test/imap_fun_named_arg.bal",
    "filePath": "/home/nureka/Documents/GitHub/module-ballerina-email/compiler-plugin-tests/src/test/resources/static_code_analyzer/ballerina_packages/rule1/imap_fun_named_arg.bal"
  },
  {
    "location": {
      "filePath": "imap_fun_pos_arg.bal",
      "startLine": 18,
      "endLine": 33,
      "startColumn": 40,
      "endColumn": 1,
      "startOffset": 726,
      "length": 478
    },
    "rule": {
      "id": "ballerina/email:1",
      "numericId": 1,
      "description": "Avoid unverified server hostnames during SSL/TLS connections",
      "ruleKind": "VULNERABILITY"
    },
    "source": "BUILT_IN",
    "fileName": "Test/imap_fun_pos_arg.bal",
    "filePath": "/home/nureka/Documents/GitHub/module-ballerina-email/compiler-plugin-tests/src/test/resources/static_code_analyzer/ballerina_packages/rule1/imap_fun_pos_arg.bal"
  },
  {
    "location": {
      "filePath": "imap_inline_named_arg.bal",
      "startLine": 18,
      "endLine": 31,
      "startColumn": 40,
      "endColumn": 1,
      "startOffset": 726,
      "length": 436
    },
    "rule": {
      "id": "ballerina/email:1",
      "numericId": 1,
      "description": "Avoid unverified server hostnames during SSL/TLS connections",
      "ruleKind": "VULNERABILITY"
    },
    "source": "BUILT_IN",
    "fileName": "Test/imap_inline_named_arg.bal",
    "filePath": "/home/nureka/Documents/GitHub/module-ballerina-email/compiler-plugin-tests/src/test/resources/static_code_analyzer/ballerina_packages/rule1/imap_inline_named_arg.bal"
  },
  {
    "location": {
      "filePath": "imap_inline_pos_arg.bal",
      "startLine": 18,
      "endLine": 31,
      "startColumn": 40,
      "endColumn": 1,
      "startOffset": 726,
      "length": 421
    },
    "rule": {
      "id": "ballerina/email:1",
      "numericId": 1,
      "description": "Avoid unverified server hostnames during SSL/TLS connections",
      "ruleKind": "VULNERABILITY"
    },
    "source": "BUILT_IN",
    "fileName": "Test/imap_inline_pos_arg.bal",
    "filePath": "/home/nureka/Documents/GitHub/module-ballerina-email/compiler-plugin-tests/src/test/resources/static_code_analyzer/ballerina_packages/rule1/imap_inline_pos_arg.bal"
  },
  {
    "location": {
      "filePath": "imap_mod_named_arg.bal",
      "startLine": 31,
      "endLine": 33,
      "startColumn": 40,
      "endColumn": 1,
      "startOffset": 1058,
      "length": 123
    },
    "rule": {
      "id": "ballerina/email:1",
      "numericId": 1,
      "description": "Avoid unverified server hostnames during SSL/TLS connections",
      "ruleKind": "VULNERABILITY"
    },
    "source": "BUILT_IN",
    "fileName": "Test/imap_mod_named_arg.bal",
    "filePath": "/home/nureka/Documents/GitHub/module-ballerina-email/compiler-plugin-tests/src/test/resources/static_code_analyzer/ballerina_packages/rule1/imap_mod_named_arg.bal"
  },
  {
    "location": {
      "filePath": "imap_mod_pos_arg.bal",
      "startLine": 31,
      "endLine": 33,
      "startColumn": 40,
      "endColumn": 1,
      "startOffset": 1056,
      "length": 106
    },
    "rule": {
      "id": "ballerina/email:1",
      "numericId": 1,
      "description": "Avoid unverified server hostnames during SSL/TLS connections",
      "ruleKind": "VULNERABILITY"
    },
    "source": "BUILT_IN",
    "fileName": "Test/imap_mod_pos_arg.bal",
    "filePath": "/home/nureka/Documents/GitHub/module-ballerina-email/compiler-plugin-tests/src/test/resources/static_code_analyzer/ballerina_packages/rule1/imap_mod_pos_arg.bal"
  },
  {
    "location": {
      "filePath": "pop_fun_named_arg.bal",
      "startLine": 18,
      "endLine": 33,
      "startColumn": 40,
      "endColumn": 1,
      "startOffset": 726,
      "length": 489
    },
    "rule": {
      "id": "ballerina/email:1",
      "numericId": 1,
      "description": "Avoid unverified server hostnames during SSL/TLS connections",
      "ruleKind": "VULNERABILITY"
    },
    "source": "BUILT_IN",
    "fileName": "Test/pop_fun_named_arg.bal",
    "filePath": "/home/nureka/Documents/GitHub/module-ballerina-email/compiler-plugin-tests/src/test/resources/static_code_analyzer/ballerina_packages/rule1/pop_fun_named_arg.bal"
  },
  {
    "location": {
      "filePath": "pop_fun_pos_arg.bal",
      "startLine": 18,
      "endLine": 33,
      "startColumn": 39,
      "endColumn": 1,
      "startOffset": 725,
      "length": 474
    },
    "rule": {
      "id": "ballerina/email:1",
      "numericId": 1,
      "description": "Avoid unverified server hostnames during SSL/TLS connections",
      "ruleKind": "VULNERABILITY"
    },
    "source": "BUILT_IN",
    "fileName": "Test/pop_fun_pos_arg.bal",
    "filePath": "/home/nureka/Documents/GitHub/module-ballerina-email/compiler-plugin-tests/src/test/resources/static_code_analyzer/ballerina_packages/rule1/pop_fun_pos_arg.bal"
  },
  {
    "location": {
      "filePath": "pop_inline_named_arg.bal",
      "startLine": 18,
      "endLine": 31,
      "startColumn": 39,
      "endColumn": 1,
      "startOffset": 725,
      "length": 436
    },
    "rule": {
      "id": "ballerina/email:1",
      "numericId": 1,
      "description": "Avoid unverified server hostnames during SSL/TLS connections",
      "ruleKind": "VULNERABILITY"
    },
    "source": "BUILT_IN",
    "fileName": "Test/pop_inline_named_arg.bal",
    "filePath": "/home/nureka/Documents/GitHub/module-ballerina-email/compiler-plugin-tests/src/test/resources/static_code_analyzer/ballerina_packages/rule1/pop_inline_named_arg.bal"
  },
  {
    "location": {
      "filePath": "pop_inline_pos_arg.bal",
      "startLine": 18,
      "endLine": 31,
      "startColumn": 39,
      "endColumn": 1,
      "startOffset": 725,
      "length": 421
    },
    "rule": {
      "id": "ballerina/email:1",
      "numericId": 1,
      "description": "Avoid unverified server hostnames during SSL/TLS connections",
      "ruleKind": "VULNERABILITY"
    },
    "source": "BUILT_IN",
    "fileName": "Test/pop_inline_pos_arg.bal",
    "filePath": "/home/nureka/Documents/GitHub/module-ballerina-email/compiler-plugin-tests/src/test/resources/static_code_analyzer/ballerina_packages/rule1/pop_inline_pos_arg.bal"
  },
  {
    "location": {
      "filePath": "pop_mod_named_arg.bal",
      "startLine": 31,
      "endLine": 33,
      "startColumn": 40,
      "endColumn": 1,
      "startOffset": 1056,
      "length": 121
    },
    "rule": {
      "id": "ballerina/email:1",
      "numericId": 1,
      "description": "Avoid unverified server hostnames during SSL/TLS connections",
      "ruleKind": "VULNERABILITY"
    },
    "source": "BUILT_IN",
    "fileName": "Test/pop_mod_named_arg.bal",
    "filePath": "/home/nureka/Documents/GitHub/module-ballerina-email/compiler-plugin-tests/src/test/resources/static_code_analyzer/ballerina_packages/rule1/pop_mod_named_arg.bal"
  },
  {
    "location": {
      "filePath": "pop_mod_pos_arg.bal",
      "startLine": 31,
      "endLine": 33,
      "startColumn": 40,
      "endColumn": 1,
      "startOffset": 1054,
      "length": 104
    },
    "rule": {
      "id": "ballerina/email:1",
      "numericId": 1,
      "description": "Avoid unverified server hostnames during SSL/TLS connections",
      "ruleKind": "VULNERABILITY"
    },
    "source": "BUILT_IN",
    "fileName": "Test/pop_mod_pos_arg.bal",
    "filePath": "/home/nureka/Documents/GitHub/module-ballerina-email/compiler-plugin-tests/src/test/resources/static_code_analyzer/ballerina_packages/rule1/pop_mod_pos_arg.bal"
  },
  {
    "location": {
      "filePath": "smtp_fun_named_arg.bal",
      "startLine": 18,
      "endLine": 33,
      "startColumn": 39,
      "endColumn": 1,
      "startOffset": 725,
      "length": 493
    },
    "rule": {
      "id": "ballerina/email:1",
      "numericId": 1,
      "description": "Avoid unverified server hostnames during SSL/TLS connections",
      "ruleKind": "VULNERABILITY"
    },
    "source": "BUILT_IN",
    "fileName": "Test/smtp_fun_named_arg.bal",
    "filePath": "/home/nureka/Documents/GitHub/module-ballerina-email/compiler-plugin-tests/src/test/resources/static_code_analyzer/ballerina_packages/rule1/smtp_fun_named_arg.bal"
  },
  {
    "location": {
      "filePath": "smtp_fun_pos_arg.bal",
      "startLine": 18,
      "endLine": 33,
      "startColumn": 39,
      "endColumn": 1,
      "startOffset": 725,
      "length": 478
    },
    "rule": {
      "id": "ballerina/email:1",
      "numericId": 1,
      "description": "Avoid unverified server hostnames during SSL/TLS connections",
      "ruleKind": "VULNERABILITY"
    },
    "source": "BUILT_IN",
    "fileName": "Test/smtp_fun_pos_arg.bal",
    "filePath": "/home/nureka/Documents/GitHub/module-ballerina-email/compiler-plugin-tests/src/test/resources/static_code_analyzer/ballerina_packages/rule1/smtp_fun_pos_arg.bal"
  },
  {
    "location": {
      "filePath": "smtp_inline_named_arg.bal",
      "startLine": 18,
      "endLine": 31,
      "startColumn": 39,
      "endColumn": 1,
      "startOffset": 725,
      "length": 437
    },
    "rule": {
      "id": "ballerina/email:1",
      "numericId": 1,
      "description": "Avoid unverified server hostnames during SSL/TLS connections",
      "ruleKind": "VULNERABILITY"
    },
    "source": "BUILT_IN",
    "fileName": "Test/smtp_inline_named_arg.bal",
    "filePath": "/home/nureka/Documents/GitHub/module-ballerina-email/compiler-plugin-tests/src/test/resources/static_code_analyzer/ballerina_packages/rule1/smtp_inline_named_arg.bal"
  },
  {
    "location": {
      "filePath": "smtp_inline_pos_arg.bal",
      "startLine": 18,
      "endLine": 31,
      "startColumn": 39,
      "endColumn": 1,
      "startOffset": 725,
      "length": 422
    },
    "rule": {
      "id": "ballerina/email:1",
      "numericId": 1,
      "description": "Avoid unverified server hostnames during SSL/TLS connections",
      "ruleKind": "VULNERABILITY"
    },
    "source": "BUILT_IN",
    "fileName": "Test/smtp_inline_pos_arg.bal",
    "filePath": "/home/nureka/Documents/GitHub/module-ballerina-email/compiler-plugin-tests/src/test/resources/static_code_analyzer/ballerina_packages/rule1/smtp_inline_pos_arg.bal"
  },
  {
    "location": {
      "filePath": "smtp_mod_named_arg.bal",
      "startLine": 31,
      "endLine": 33,
      "startColumn": 39,
      "endColumn": 1,
      "startOffset": 1057,
      "length": 123
    },
    "rule": {
      "id": "ballerina/email:1",
      "numericId": 1,
      "description": "Avoid unverified server hostnames during SSL/TLS connections",
      "ruleKind": "VULNERABILITY"
    },
    "source": "BUILT_IN",
    "fileName": "Test/smtp_mod_named_arg.bal",
    "filePath": "/home/nureka/Documents/GitHub/module-ballerina-email/compiler-plugin-tests/src/test/resources/static_code_analyzer/ballerina_packages/rule1/smtp_mod_named_arg.bal"
  },
  {
    "location": {
      "filePath": "smtp_mod_pos_arg.bal",
      "startLine": 31,
      "endLine": 33,
      "startColumn": 39,
      "endColumn": 1,
      "startOffset": 1055,
      "length": 106
    },
    "rule": {
      "id": "ballerina/email:1",
      "numericId": 1,
      "description": "Avoid unverified server hostnames during SSL/TLS connections",
      "ruleKind": "VULNERABILITY"
    },
    "source": "BUILT_IN",
    "fileName": "Test/smtp_mod_pos_arg.bal",
    "filePath": "/home/nureka/Documents/GitHub/module-ballerina-email/compiler-plugin-tests/src/test/resources/static_code_analyzer/ballerina_packages/rule1/smtp_mod_pos_arg.bal"
  }
]
